*** EVALUATION ***
PROGRAM "G:\내 드라이브\3.학교자료\4학년 1학기\마이크로프로세서실험\과제\기말과제\코드\Microprocessor_Final_TermProject\bin\Ram_Application.abs"

*********************************************************************************************
TARGET SECTION
---------------------------------------------------------------------------------------------
Processor   : Freescale HC12
Memory Model: SMALL
File Format : ELF\DWARF 2.0
Linker      : SmartLinker V-5.0.52 Build 15249, Sep  7 2015

*********************************************************************************************
FILE SECTION
---------------------------------------------------------------------------------------------
HEAP.C.o (ansis.lib)                    Model: SMALL,         Lang: ANSI-C,        Compiler Version: ANSI-C/cC++ Compiler for HC12 V-5.0.46 Build 15249, Sep  7 2015
ALLOC.C.o (ansis.lib)                   Model: SMALL,         Lang: ANSI-C,        Compiler Version: ANSI-C/cC++ Compiler for HC12 V-5.0.46 Build 15249, Sep  7 2015
rtshc12.c.o (ansis.lib)                 Model: SMALL,         Lang: ANSI-C,        Compiler Version: ANSI-C/cC++ Compiler for HC12 V-5.0.46 Build 15249, Sep  7 2015
START12.C.o                             Model: SMALL,         Lang: ANSI-C,        Compiler Version: ANSI-C/cC++ Compiler for HC12 V-5.0.46 Build 15249, Sep  7 2015
main.c.o                                Model: SMALL,         Lang: ANSI-C,        Compiler Version: ANSI-C/cC++ Compiler for HC12 V-5.0.46 Build 15249, Sep  7 2015
per_DP256_K79X.c.o                      Model: SMALL,         Lang: ANSI-C,        Compiler Version: ANSI-C/cC++ Compiler for HC12 V-5.0.46 Build 15249, Sep  7 2015
atd.c.o                                 Model: SMALL,         Lang: ANSI-C,        Compiler Version: ANSI-C/cC++ Compiler for HC12 V-5.0.46 Build 15249, Sep  7 2015
control.c.o                             Model: SMALL,         Lang: ANSI-C,        Compiler Version: ANSI-C/cC++ Compiler for HC12 V-5.0.46 Build 15249, Sep  7 2015
dataframe.c.o                           Model: SMALL,         Lang: ANSI-C,        Compiler Version: ANSI-C/cC++ Compiler for HC12 V-5.0.46 Build 15249, Sep  7 2015
interrupt.c.o                           Model: SMALL,         Lang: ANSI-C,        Compiler Version: ANSI-C/cC++ Compiler for HC12 V-5.0.46 Build 15249, Sep  7 2015
lcd.c.o                                 Model: SMALL,         Lang: ANSI-C,        Compiler Version: ANSI-C/cC++ Compiler for HC12 V-5.0.46 Build 15249, Sep  7 2015
led.c.o                                 Model: SMALL,         Lang: ANSI-C,        Compiler Version: ANSI-C/cC++ Compiler for HC12 V-5.0.46 Build 15249, Sep  7 2015
pwm.c.o                                 Model: SMALL,         Lang: ANSI-C,        Compiler Version: ANSI-C/cC++ Compiler for HC12 V-5.0.46 Build 15249, Sep  7 2015
queue.c.o                               Model: SMALL,         Lang: ANSI-C,        Compiler Version: ANSI-C/cC++ Compiler for HC12 V-5.0.46 Build 15249, Sep  7 2015
queue_floor.c.o                         Model: SMALL,         Lang: ANSI-C,        Compiler Version: ANSI-C/cC++ Compiler for HC12 V-5.0.46 Build 15249, Sep  7 2015
sci.c.o                                 Model: SMALL,         Lang: ANSI-C,        Compiler Version: ANSI-C/cC++ Compiler for HC12 V-5.0.46 Build 15249, Sep  7 2015
seven_seg.c.o                           Model: SMALL,         Lang: ANSI-C,        Compiler Version: ANSI-C/cC++ Compiler for HC12 V-5.0.46 Build 15249, Sep  7 2015

*********************************************************************************************
STARTUP SECTION
---------------------------------------------------------------------------------------------
Entry point: 0x2029 (_Startup)
_startupData is allocated at 0x2039 and uses 11 Bytes
extern struct _tagStartup {
  unsigned flags          0
  _PFunc   main           0x21C5    (main)
  long     stackOffset    0x1A2B
  unsigned nofZeroOut     1
  _Range   pZeroOut       0x1000     2092
  _Copy    *toCopyDownBeg 0x2462
} _startupData;

*********************************************************************************************
SECTION-ALLOCATION SECTION
Section Name                    Size  Type     From       To       Segment
---------------------------------------------------------------------------------------------
.init                             57     R     0x2000     0x2038   MY_PSEUDO_ROM
.startData                        15     R     0x2039     0x2047   MY_PSEUDO_ROM
.rodata1                           7     R     0x2048     0x204E   MY_PSEUDO_ROM
.text                           1023     R     0x204F     0x244D   MY_PSEUDO_ROM
.copy                             12     R     0x2462     0x246D   MY_PSEUDO_ROM
.data                              6   R/W     0x1000     0x1005   MY_RAM
.abs_section_0                    48   N/I        0x0       0x2F   .absSeg0
.abs_section_30                    4   N/I       0x30       0x33   .absSeg1
.abs_section_34                   12   N/I       0x34       0x3F   .absSeg2
.abs_section_40                   64   N/I       0x40       0x7F   .absSeg3
.abs_section_80                   32   N/I       0x80       0x9F   .absSeg4
.abs_section_a0                   40   N/I       0xA0       0xC7   .absSeg5
.abs_section_c8                    8   N/I       0xC8       0xCF   .absSeg6
.abs_section_d0                    8   N/I       0xD0       0xD7   .absSeg7
.abs_section_d8                    8   N/I       0xD8       0xDF   .absSeg8
.abs_section_e0                    8   N/I       0xE0       0xE7   .absSeg9
.abs_section_e8                    8   N/I       0xE8       0xEF   .absSeg10
.abs_section_f0                    8   N/I       0xF0       0xF7   .absSeg11
.abs_section_f8                    8   N/I       0xF8       0xFF   .absSeg12
.abs_section_100                  16   N/I      0x100      0x10F   .absSeg13
.abs_section_110                  12   N/I      0x110      0x11B   .absSeg14
.abs_section_120                  32   N/I      0x120      0x13F   .absSeg15
.abs_section_140                  64   N/I      0x140      0x17F   .absSeg16
.abs_section_180                  64   N/I      0x180      0x1BF   .absSeg17
.abs_section_1c0                  64   N/I      0x1C0      0x1FF   .absSeg18
.abs_section_200                  64   N/I      0x200      0x23F   .absSeg19
.abs_section_240                  48   N/I      0x240      0x26F   .absSeg20
.abs_section_280                  64   N/I      0x280      0x2BF   .absSeg21
.bss                              15   R/W     0x1006     0x1014   MY_RAM
HEAP_SEGMENT                    2000   R/W     0x1015     0x17E4   MY_RAM
.common                           71   R/W     0x17E5     0x182B   MY_RAM
RUNTIME                           20     R     0x244E     0x2461   MY_PSEUDO_ROM
.stack                           512   R/W     0x182C     0x1A2B   MY_RAM

Summary of section sizes per section type:
READ_ONLY (R):         46E (dec:     1134)
READ_WRITE (R/W):      A2C (dec:     2604)
NO_INIT (N/I):         2AC (dec:      684)

*********************************************************************************************
VECTOR-ALLOCATION SECTION
    Address     InitValue   InitFunction
---------------------------------------------------------------------------------------------

*********************************************************************************************
OBJECT-ALLOCATION SECTION
     Name               Module                 Addr   hSize   dSize     Ref    Section   RLIB
---------------------------------------------------------------------------------------------
MODULE:                 -- HEAP.C.o (ansis.lib) --
- PROCEDURES:
     _heapcrash_                               204F       C      12       3   .text       
- VARIABLES:
     _heap_                                    1015     7D0    2000       2   HEAP_SEGMENT
MODULE:                 -- ALLOC.C.o (ansis.lib) --
- PROCEDURES:
     malloc                                    205B      A6     166       1   .text       
     free                                      2101      C4     196       4   .text       
- VARIABLES:
     heap_end                                  1006       2       2       3   .bss        
     free_ptr                                  1008       2       2       8   .bss        
MODULE:                 -- rtshc12.c.o (ansis.lib) --
- PROCEDURES:
     _CASE_CHECKED_BYTE                        244E      14      20       1   RUNTIME     
- VARIABLES:
MODULE:                 -- START12.C.o --
- PROCEDURES:
     Init                                      2000      29      41       1   .init       
     _Startup                                  2029      10      16       0   .init       
- VARIABLES:
     _startupData                              2039       B      11       5   .startData  
- LABELS:
     __SEG_END_SSTACK                          1A2C       0       0       1               
MODULE:                 -- main.c.o --
- PROCEDURES:
     main                                      21C5      78     120       0   .text       
- VARIABLES:
     STRING.SCI.OK.1                           2048       7       7       1   .rodata1    
     TargetFloor                               1000       2       2       2   .data       
     CurrentFloor                              1002       2       2       1   .data       
     tmpFloor                                  1004       2       2       1   .data       
     df                                        100A       2       2       7   .bss        
     RX                                        17E5      23      35       1   .common     
MODULE:                 -- per_DP256_K79X.c.o --
- PROCEDURES:
- VARIABLES:
     Regs                                         0      30      48       6   .abs_section_0
     Page                                        30       4       4       0   .abs_section_30
     Crg                                         34       C      12       0   .abs_section_34
     Tim0                                        40      40      64       0   .abs_section_40
     Atd0                                        80      20      32       4   .abs_section_80
     Pwm                                         A0      28      40       7   .abs_section_a0
     Sci0                                        C8       8       8       4   .abs_section_c8
     Sci1                                        D0       8       8       0   .abs_section_d0
     Spi0                                        D8       8       8       0   .abs_section_d8
     Iic                                         E0       8       8       0   .abs_section_e0
     Bdlc                                        E8       8       8       0   .abs_section_e8
     Spi1                                        F0       8       8       0   .abs_section_f0
     Spi2                                        F8       8       8       0   .abs_section_f8
     Flash                                      100      10      16       0   .abs_section_100
     Eeprom                                     110       C      12       0   .abs_section_110
     Atd1                                       120      20      32       0   .abs_section_120
     Can0                                       140      40      64       0   .abs_section_140
     Can1                                       180      40      64       0   .abs_section_180
     Can2                                       1C0      40      64       0   .abs_section_1c0
     Can3                                       200      40      64       0   .abs_section_200
     Pim                                        240      30      48       7   .abs_section_240
     Can4                                       280      40      64       0   .abs_section_280
MODULE:                 -- atd.c.o --
- PROCEDURES:
     init_atd0                                 223D      10      16       1   .text       
- VARIABLES:
MODULE:                 -- control.c.o --
- PROCEDURES:
     STATE_CONTROL                             224D      1B      27       1   .text       
     PAUSE_CONTROL                             2268       1       1       1   .text       
     BUFFER_CONTROL                            2269      18      24       1   .text       
- VARIABLES:
     CurrentMode                               100C       1       1       1   .bss        
MODULE:                 -- dataframe.c.o --
- PROCEDURES:
     InitFormatTable                           2281      60      96       1   .text       
- VARIABLES:
     BYTE_SIZE_TABLE                           1808      1E      30       7   .common     
MODULE:                 -- interrupt.c.o --
- PROCEDURES:
     ini_interrupt                             22E1       C      12       1   .text       
- VARIABLES:
MODULE:                 -- lcd.c.o --
- PROCEDURES:
     init_LCD                                  22ED      18      24       1   .text       
     set_inst_register                         2305      26      38       4   .text       
     ms_delay                                  232B      24      36       1   .text       
- VARIABLES:
MODULE:                 -- led.c.o --
- PROCEDURES:
     init_led                                  234F       E      14       1   .text       
- VARIABLES:
MODULE:                 -- pwm.c.o --
- PROCEDURES:
     init_pwm                                  235D      20      32       1   .text       
- VARIABLES:
MODULE:                 -- queue.c.o --
- PROCEDURES:
     QueuePop                                  237D      32      50       1   .text       
- VARIABLES:
     Head                                      100D       2       2       3   .bss        
     Tail                                      100F       2       2       2   .bss        
MODULE:                 -- queue_floor.c.o --
- PROCEDURES:
     QueueFloorPush                            23AF      48      72       1   .text       
     QueueFloorPop                             23F7      32      50       1   .text       
- VARIABLES:
     HeadFloor                                 1011       2       2       7   .bss        
     TailFloor                                 1013       2       2       7   .bss        
MODULE:                 -- sci.c.o --
- PROCEDURES:
     init_sci0                                 2429      15      21       1   .text       
     write_sci0                                243E       7       7       1   .text       
- VARIABLES:
     txbuffer_sci0                             1826       2       2       1   .common     
     txoffset_sci0                             1828       2       2       1   .common     
     rxbuffer_sci0                             182A       2       2       1   .common     
MODULE:                 -- seven_seg.c.o --
- PROCEDURES:
     init_seven_seg                            2445       9       9       1   .text       
- VARIABLES:

*********************************************************************************************
MODULE STATISTIC
  Name                                      Data   Code  Const
---------------------------------------------------------------------------------------------
  HEAP.C.o (ansis.lib)                      2000     12      0
  ALLOC.C.o (ansis.lib)                        4    362      0
  rtshc12.c.o (ansis.lib)                      0     20      0
  START12.C.o                                  0     57      0
  main.c.o                                    43    120      7
  per_DP256_K79X.c.o                         684      0      0
  atd.c.o                                      0     16      0
  control.c.o                                  1     52      0
  dataframe.c.o                               30     96      0
  interrupt.c.o                                0     12      0
  lcd.c.o                                      0     98      0
  led.c.o                                      0     14      0
  pwm.c.o                                      0     32      0
  queue.c.o                                    4     50      0
  queue_floor.c.o                              4    122      0
  sci.c.o                                      6     28      0
  seven_seg.c.o                                0      9      0
  other                                      512     15     12

*********************************************************************************************
SECTION USE IN OBJECT-ALLOCATION SECTION
---------------------------------------------------------------------------------------------
SECTION: ".text"
  _heapcrash_ malloc free main init_atd0 STATE_CONTROL PAUSE_CONTROL 
  BUFFER_CONTROL InitFormatTable ini_interrupt init_LCD set_inst_register 
  ms_delay init_led init_pwm QueuePop QueueFloorPush QueueFloorPop init_sci0 
  write_sci0 init_seven_seg 
SECTION: ".data"
  TargetFloor CurrentFloor tmpFloor 
SECTION: ".bss"
  heap_end free_ptr df CurrentMode Head Tail HeadFloor TailFloor 
SECTION: ".init"
  Init _Startup 
SECTION: ".rodata1"
  STRING.SCI.OK.1 
SECTION: "HEAP_SEGMENT"
  _heap_ 
SECTION: ".common"
  RX BYTE_SIZE_TABLE txbuffer_sci0 txoffset_sci0 rxbuffer_sci0 
SECTION: "RUNTIME"
  _CASE_CHECKED_BYTE 
SECTION: ".abs_section_0"
  Regs 
SECTION: ".abs_section_30"
  Page 
SECTION: ".abs_section_34"
  Crg 
SECTION: ".abs_section_40"
  Tim0 
SECTION: ".abs_section_80"
  Atd0 
SECTION: ".abs_section_a0"
  Pwm 
SECTION: ".abs_section_c8"
  Sci0 
SECTION: ".abs_section_d0"
  Sci1 
SECTION: ".abs_section_d8"
  Spi0 
SECTION: ".abs_section_e0"
  Iic 
SECTION: ".abs_section_e8"
  Bdlc 
SECTION: ".abs_section_f0"
  Spi1 
SECTION: ".abs_section_f8"
  Spi2 
SECTION: ".abs_section_100"
  Flash 
SECTION: ".abs_section_110"
  Eeprom 
SECTION: ".abs_section_120"
  Atd1 
SECTION: ".abs_section_140"
  Can0 
SECTION: ".abs_section_180"
  Can1 
SECTION: ".abs_section_1c0"
  Can2 
SECTION: ".abs_section_200"
  Can3 
SECTION: ".abs_section_240"
  Pim 
SECTION: ".abs_section_280"
  Can4 

*********************************************************************************************
OBJECT LIST SORTED BY ADDRESS
     Name                                      Addr   hSize   dSize     Ref    Section   RLIB
---------------------------------------------------------------------------------------------
     Regs                                         0      30      48       6   .abs_section_0
     Page                                        30       4       4       0   .abs_section_30
     Crg                                         34       C      12       0   .abs_section_34
     Tim0                                        40      40      64       0   .abs_section_40
     Atd0                                        80      20      32       4   .abs_section_80
     Pwm                                         A0      28      40       7   .abs_section_a0
     Sci0                                        C8       8       8       4   .abs_section_c8
     Sci1                                        D0       8       8       0   .abs_section_d0
     Spi0                                        D8       8       8       0   .abs_section_d8
     Iic                                         E0       8       8       0   .abs_section_e0
     Bdlc                                        E8       8       8       0   .abs_section_e8
     Spi1                                        F0       8       8       0   .abs_section_f0
     Spi2                                        F8       8       8       0   .abs_section_f8
     Flash                                      100      10      16       0   .abs_section_100
     Eeprom                                     110       C      12       0   .abs_section_110
     Atd1                                       120      20      32       0   .abs_section_120
     Can0                                       140      40      64       0   .abs_section_140
     Can1                                       180      40      64       0   .abs_section_180
     Can2                                       1C0      40      64       0   .abs_section_1c0
     Can3                                       200      40      64       0   .abs_section_200
     Pim                                        240      30      48       7   .abs_section_240
     Can4                                       280      40      64       0   .abs_section_280
     TargetFloor                               1000       2       2       2   .data       
     CurrentFloor                              1002       2       2       1   .data       
     tmpFloor                                  1004       2       2       1   .data       
     heap_end                                  1006       2       2       3   .bss        
     free_ptr                                  1008       2       2       8   .bss        
     df                                        100A       2       2       7   .bss        
     CurrentMode                               100C       1       1       1   .bss        
     Head                                      100D       2       2       3   .bss        
     Tail                                      100F       2       2       2   .bss        
     HeadFloor                                 1011       2       2       7   .bss        
     TailFloor                                 1013       2       2       7   .bss        
     _heap_                                    1015     7D0    2000       2   HEAP_SEGMENT
     RX                                        17E5      23      35       1   .common     
     BYTE_SIZE_TABLE                           1808      1E      30       7   .common     
     txbuffer_sci0                             1826       2       2       1   .common     
     txoffset_sci0                             1828       2       2       1   .common     
     rxbuffer_sci0                             182A       2       2       1   .common     
     Init                                      2000      29      41       1   .init       
     _Startup                                  2029      10      16       0   .init       
     STRING.SCI.OK.1                           2048       7       7       1   .rodata1    
     _heapcrash_                               204F       C      12       3   .text       
     malloc                                    205B      A6     166       1   .text       
     free                                      2101      C4     196       4   .text       
     main                                      21C5      78     120       0   .text       
     init_atd0                                 223D      10      16       1   .text       
     STATE_CONTROL                             224D      1B      27       1   .text       
     PAUSE_CONTROL                             2268       1       1       1   .text       
     BUFFER_CONTROL                            2269      18      24       1   .text       
     InitFormatTable                           2281      60      96       1   .text       
     ini_interrupt                             22E1       C      12       1   .text       
     init_LCD                                  22ED      18      24       1   .text       
     set_inst_register                         2305      26      38       4   .text       
     ms_delay                                  232B      24      36       1   .text       
     init_led                                  234F       E      14       1   .text       
     init_pwm                                  235D      20      32       1   .text       
     QueuePop                                  237D      32      50       1   .text       
     QueueFloorPush                            23AF      48      72       1   .text       
     QueueFloorPop                             23F7      32      50       1   .text       
     init_sci0                                 2429      15      21       1   .text       
     write_sci0                                243E       7       7       1   .text       
     init_seven_seg                            2445       9       9       1   .text       
     _CASE_CHECKED_BYTE                        244E      14      20       1   RUNTIME     

*********************************************************************************************
UNUSED-OBJECTS SECTION
---------------------------------------------------------------------------------------------
NOT USED PROCEDURES
ALLOC.C.o (ansis.lib):
  calloc realloc 
rtshc12.c.o (ansis.lib):
  _BSHL _BSHRS _BSHRU _BDIVMODU _BDIVMODS _ISHL _ISHRU _ISHRS _LSHL _LSHRU 
  _LSHRS _LADD _LSUB _LAND _LOR _LXOR _LCMP _LCMP_P _LCMP_PP _LNEG _LCOM _LINC 
  _LDEC _LMUL _LMULU16x32 _LMULS16x32 _lDivMod _LDIVU _NEG_P _LDIVS _LMODU 
  _LMODS _ILSEXT _COPY _CASE_DIRECT _CASE_DIRECT_BYTE _CASE_CHECKED 
  _CASE_SEARCH _CASE_SEARCH_BYTE _CASE_SEARCH_8 _CASE_SEARCH_8_BYTE _FCALL 
  _FPCMP 
atd.c.o:
  get_atd0 convert_value 
dataframe.c.o:
  DataCheck GetDataFrame 
interrupt.c.o:
  interruptJ_function interruptX_function 
lcd.c.o:
  write_data write_string 
led.c.o:
  set_led set_door set_led_counter 
pwm.c.o:
  disable_pwm enable_pwm set_pwm 
queue.c.o:
  QueuePush QueueFront 
queue_floor.c.o:
  QueueFloorFront 
sci.c.o:
  sci0_handler 
seven_seg.c.o:
  set_7segment 
NOT USED VARIABLES
rtshc12.c.o (ansis.lib):
  _PowOfTwo_8 _PowOfTwo_16 _PowOfTwo_32 errno 
dataframe.c.o:
  BYTE_SIZE_TYPE STRING......s.1 STRING..2d.1d.2d.1d.....s.2 
interrupt.c.o:
  STRING..0200102..1 STRING..0200103..2 STRING..0200101..3 buf 
sci.c.o:
  rxoffset_sci0 ProtocolStart 

*********************************************************************************************
COPYDOWN SECTION
---------------------------------------------------------------------------------------------
------- ROM-ADDRESS: 0x2462 ---- SIZE       4 ---
Filling bytes inserted
 00061000
------- ROM-ADDRESS: 0x2466 ---- RAM-ADDRESS: 0x1000 ---- SIZE       2 ---
Name of initialized Object : TargetFloor
 03E8
------- ROM-ADDRESS: 0x2468 ---- RAM-ADDRESS: 0x1002 ---- SIZE       2 ---
Name of initialized Object : CurrentFloor
 03E8
------- ROM-ADDRESS: 0x246A ---- RAM-ADDRESS: 0x1004 ---- SIZE       2 ---
Name of initialized Object : tmpFloor
 03E8
------- ROM-ADDRESS: 0x246C ---- SIZE       2 ---
Filling bytes inserted
 0000

*********************************************************************************************
OBJECT-DEPENDENCIES SECTION
---------------------------------------------------------------------------------------------
Init                      USES _startupData 
_Startup                  USES _startupData __SEG_END_SSTACK Init 
malloc                    USES heap_end _heap_ free_ptr _heapcrash_ 
free                      USES _heap_ heap_end free free_ptr _heapcrash_ 
main                      USES ini_interrupt RX init_sci0 STRING.SCI.OK.1 
                                write_sci0 init_led init_atd0 init_pwm init_seven_seg 
                                init_LCD InitFormatTable CurrentFloor TargetFloor 
                                QueueFloorPop tmpFloor QueuePop df _CASE_CHECKED_BYTE 
                                STATE_CONTROL PAUSE_CONTROL BUFFER_CONTROL free 
init_atd0                 USES Atd0 
STATE_CONTROL             USES CurrentMode 
BUFFER_CONTROL            USES QueueFloorPush 
InitFormatTable           USES BYTE_SIZE_TABLE 
ini_interrupt             USES Pim 
init_LCD                  USES Regs set_inst_register 
set_inst_register         USES ms_delay Regs 
init_led                  USES Regs Pim 
init_pwm                  USES Pwm 
QueuePop                  USES Head Tail free 
QueueFloorPush            USES malloc HeadFloor TailFloor 
QueueFloorPop             USES HeadFloor TailFloor free 
init_sci0                 USES Sci0 txoffset_sci0 rxbuffer_sci0 
write_sci0                USES txbuffer_sci0 Sci0 
init_seven_seg            USES Pim 

*********************************************************************************************
DEPENDENCY TREE
*********************************************************************************************
 main and _Startup Group
 | 
 +- main                
 |  | 
 |  +- ini_interrupt       
 |  |    
 |  +- init_sci0           
 |  |    
 |  +- write_sci0          
 |  |    
 |  +- init_led            
 |  |    
 |  +- init_atd0           
 |  |    
 |  +- init_pwm            
 |  |    
 |  +- init_seven_seg      
 |  |    
 |  +- init_LCD            
 |  |  | 
 |  |  +- set_inst_register   
 |  |     | 
 |  |     +- ms_delay            
 |  |          
 |  +- InitFormatTable     
 |  |    
 |  +- QueueFloorPop       
 |  |  | 
 |  |  +- free                
 |  |     | 
 |  |     +- _heapcrash_         
 |  |          
 |  +- QueuePop            
 |  |  | 
 |  |  +- free                 (see above)
 |  |     
 |  +- _CASE_CHECKED_BYTE  
 |  |    
 |  +- STATE_CONTROL       
 |  |    
 |  +- PAUSE_CONTROL       
 |  |    
 |  +- BUFFER_CONTROL      
 |  |  | 
 |  |  +- QueueFloorPush      
 |  |     | 
 |  |     +- malloc              
 |  |        | 
 |  |        +- _heapcrash_          (see above)
 |  |           
 |  +- free                 (see above)
 |     
 +- _Startup            
    | 
    +- Init                
         
*********************************************************************************************
STATISTIC SECTION
---------------------------------------------------------------------------------------------

ExeFile:
--------
Number of blocks to be downloaded: 5
Total size of all blocks to be downloaded: 1134

